{"code":400,"message":"InvalidRequest - two day slots overlap"}
___HEADER___
400
