{"code":400,"message":"InvalidRequest - no available slot for ticket"}
___HEADER___
400
