{"member":[{"id":1,"customers":5,"start":"2020-11-20T00:00:00.000Z","end":"2020-11-23T00:00:00.000Z","maxDuration":2,"minDuration":1},{"id":2,"customers":3,"start":"2020-11-24T00:00:00.000Z","end":"2020-11-28T00:00:00.000Z","maxDuration":3,"minDuration":1}]}
___HEADER___
200
