{"mail":"betatester@platzhalter.io","name":"Automated Test Shop","address":{"city":"Passau","postalCode":94032,"streetAddress":"Am Bahnhofsplatz 1"},"slotType":"days","@id":"http://localhost:9090/shop/automated-test-shop"}
___HEADER___
200
