{"code":400,"message":"InvalidRequest - expecting dates only without times for dayslots"}
___HEADER___
400
