{"member":[{"start":"2020-12-01T08:00:00.000Z","end":"2020-12-01T11:30:00.000Z","reserved":0,"allowed":4,"available":4},{"start":"2020-12-01T13:00:00.000Z","end":"2020-12-01T17:00:00.000Z","reserved":0,"allowed":3,"available":3},{"start":"2020-12-05T08:00:00.000Z","end":"2020-12-05T11:30:00.000Z","reserved":0,"allowed":2,"available":2}]}
__HEADER__
200
