{"code":20,"message":"InvalidRequest - no availability for this ticket"}
___HEADER___
400
